Info: Starting: Create block symbol file (.bsf)
Info: ip-generate --project-directory=C:/Users/mdaggag/Documents/Quartus/ROBOT_backup/ --output-directory=C:/Users/mdaggag/Documents/Quartus/ROBOT_backup/nios_system_sdram/ --report-file=bsf:C:/Users/mdaggag/Documents/Quartus/ROBOT_backup/nios_system_sdram.bsf --system-info=DEVICE_FAMILY="Cyclone IV E" --system-info=DEVICE=EP4CE22F17C6 --system-info=DEVICE_SPEEDGRADE=6 --component-file=C:/Users/mdaggag/Documents/Quartus/ROBOT_backup/nios_system_sdram.qsys
Progress: Loading ROBOT_backup/nios_system_sdram.qsys
Progress: Reading input file
Progress: Adding clk_0 [clock_source 13.0]
Progress: Parameterizing module clk_0
Progress: Adding nios2_qsys_0 [altera_nios2_qsys 13.0]
Progress: Parameterizing module nios2_qsys_0
Progress: Adding onchip_memory2_0 [altera_avalon_onchip_memory2 13.0.1.99.2]
Progress: Parameterizing module onchip_memory2_0
Progress: Adding switches [altera_avalon_pio 13.0.1.99.2]
Progress: Parameterizing module switches
Progress: Adding LEDs [altera_avalon_pio 13.0.1.99.2]
Progress: Parameterizing module LEDs
Progress: Adding jtag_uart_0 [altera_avalon_jtag_uart 13.0.1.99.2]
Progress: Parameterizing module jtag_uart_0
Progress: Adding sdram [altera_avalon_new_sdram_controller 13.0.1.99.2]
Progress: Parameterizing module sdram
Progress: Adding clocks [altera_up_clocks 13.0]
Progress: Parameterizing module clocks
Progress: Adding sensor_control [altera_avalon_pio 13.0.1.99.2]
Progress: Parameterizing module sensor_control
Progress: Adding sensor_status [altera_avalon_pio 13.0.1.99.2]
Progress: Parameterizing module sensor_status
Progress: Adding sensor_data0 [altera_avalon_pio 13.0.1.99.2]
Progress: Parameterizing module sensor_data0
Progress: Adding sensor_data1 [altera_avalon_pio 13.0.1.99.2]
Progress: Parameterizing module sensor_data1
Progress: Adding sensor_data2 [altera_avalon_pio 13.0.1.99.2]
Progress: Parameterizing module sensor_data2
Progress: Adding sensor_data3 [altera_avalon_pio 13.0.1.99.2]
Progress: Parameterizing module sensor_data3
Progress: Adding sensor_data4 [altera_avalon_pio 13.0.1.99.2]
Progress: Parameterizing module sensor_data4
Progress: Adding sensor_data5 [altera_avalon_pio 13.0.1.99.2]
Progress: Parameterizing module sensor_data5
Progress: Adding sensor_data6 [altera_avalon_pio 13.0.1.99.2]
Progress: Parameterizing module sensor_data6
Progress: Adding kp [altera_avalon_pio 13.0.1.99.2]
Progress: Parameterizing module kp
Progress: Adding start_sl [altera_avalon_pio 13.0.1.99.2]
Progress: Parameterizing module start_sl
Progress: Adding fin_sl [altera_avalon_pio 13.0.1.99.2]
Progress: Parameterizing module fin_sl
Progress: Adding start_rot [altera_avalon_pio 13.0.1.99.2]
Progress: Parameterizing module start_rot
Progress: Adding dir_rot [altera_avalon_pio 13.0.1.99.2]
Progress: Parameterizing module dir_rot
Progress: Adding fin_rot [altera_avalon_pio 13.0.1.99.2]
Progress: Parameterizing module fin_rot
Progress: Adding base_speed [altera_avalon_pio 13.0.1.99.2]
Progress: Parameterizing module base_speed
Progress: Adding kd [altera_avalon_pio 13.0.1.99.2]
Progress: Parameterizing module kd
Progress: Adding pwm_avalon_interface_0 [pwm_avalon_interface 1.0]
Progress: Parameterizing module pwm_avalon_interface_0
Progress: Building connections
Progress: Parameterizing connections
Progress: Validating
Progress: Done reading input file
Info: nios_system_sdram.switches: PIO inputs are not hardwired in test bench. Undefined values will be read from PIO inputs during simulation.
Info: nios_system_sdram.sensor_status: PIO inputs are not hardwired in test bench. Undefined values will be read from PIO inputs during simulation.
Info: nios_system_sdram.sensor_data0: PIO inputs are not hardwired in test bench. Undefined values will be read from PIO inputs during simulation.
Info: nios_system_sdram.sensor_data1: PIO inputs are not hardwired in test bench. Undefined values will be read from PIO inputs during simulation.
Info: nios_system_sdram.sensor_data2: PIO inputs are not hardwired in test bench. Undefined values will be read from PIO inputs during simulation.
Info: nios_system_sdram.sensor_data3: PIO inputs are not hardwired in test bench. Undefined values will be read from PIO inputs during simulation.
Info: nios_system_sdram.sensor_data4: PIO inputs are not hardwired in test bench. Undefined values will be read from PIO inputs during simulation.
Info: nios_system_sdram.sensor_data5: PIO inputs are not hardwired in test bench. Undefined values will be read from PIO inputs during simulation.
Info: nios_system_sdram.sensor_data6: PIO inputs are not hardwired in test bench. Undefined values will be read from PIO inputs during simulation.
Info: nios_system_sdram.fin_sl: PIO inputs are not hardwired in test bench. Undefined values will be read from PIO inputs during simulation.
Info: nios_system_sdram.fin_rot: PIO inputs are not hardwired in test bench. Undefined values will be read from PIO inputs during simulation.
Info: ip-generate succeeded.
Info: Finished: Create block symbol file (.bsf)
Info: 
Info: Starting: Create HDL design files for synthesis
Info: ip-generate --project-directory=C:/Users/mdaggag/Documents/Quartus/ROBOT_backup/ --output-directory=C:/Users/mdaggag/Documents/Quartus/ROBOT_backup/nios_system_sdram/synthesis/ --file-set=QUARTUS_SYNTH --report-file=sopcinfo:C:/Users/mdaggag/Documents/Quartus/ROBOT_backup/nios_system_sdram.sopcinfo --report-file=html:C:/Users/mdaggag/Documents/Quartus/ROBOT_backup/nios_system_sdram.html --report-file=qip:C:/Users/mdaggag/Documents/Quartus/ROBOT_backup/nios_system_sdram/synthesis/nios_system_sdram.qip --report-file=cmp:C:/Users/mdaggag/Documents/Quartus/ROBOT_backup/nios_system_sdram.cmp --report-file=svd --system-info=DEVICE_FAMILY="Cyclone IV E" --system-info=DEVICE=EP4CE22F17C6 --system-info=DEVICE_SPEEDGRADE=6 --component-file=C:/Users/mdaggag/Documents/Quartus/ROBOT_backup/nios_system_sdram.qsys --language=VERILOG
Progress: Loading ROBOT_backup/nios_system_sdram.qsys
Progress: Reading input file
Progress: Adding clk_0 [clock_source 13.0]
Progress: Parameterizing module clk_0
Progress: Adding nios2_qsys_0 [altera_nios2_qsys 13.0]
Progress: Parameterizing module nios2_qsys_0
Progress: Adding onchip_memory2_0 [altera_avalon_onchip_memory2 13.0.1.99.2]
Progress: Parameterizing module onchip_memory2_0
Progress: Adding switches [altera_avalon_pio 13.0.1.99.2]
Progress: Parameterizing module switches
Progress: Adding LEDs [altera_avalon_pio 13.0.1.99.2]
Progress: Parameterizing module LEDs
Progress: Adding jtag_uart_0 [altera_avalon_jtag_uart 13.0.1.99.2]
Progress: Parameterizing module jtag_uart_0
Progress: Adding sdram [altera_avalon_new_sdram_controller 13.0.1.99.2]
Progress: Parameterizing module sdram
Progress: Adding clocks [altera_up_clocks 13.0]
Progress: Parameterizing module clocks
Progress: Adding sensor_control [altera_avalon_pio 13.0.1.99.2]
Progress: Parameterizing module sensor_control
Progress: Adding sensor_status [altera_avalon_pio 13.0.1.99.2]
Progress: Parameterizing module sensor_status
Progress: Adding sensor_data0 [altera_avalon_pio 13.0.1.99.2]
Progress: Parameterizing module sensor_data0
Progress: Adding sensor_data1 [altera_avalon_pio 13.0.1.99.2]
Progress: Parameterizing module sensor_data1
Progress: Adding sensor_data2 [altera_avalon_pio 13.0.1.99.2]
Progress: Parameterizing module sensor_data2
Progress: Adding sensor_data3 [altera_avalon_pio 13.0.1.99.2]
Progress: Parameterizing module sensor_data3
Progress: Adding sensor_data4 [altera_avalon_pio 13.0.1.99.2]
Progress: Parameterizing module sensor_data4
Progress: Adding sensor_data5 [altera_avalon_pio 13.0.1.99.2]
Progress: Parameterizing module sensor_data5
Progress: Adding sensor_data6 [altera_avalon_pio 13.0.1.99.2]
Progress: Parameterizing module sensor_data6
Progress: Adding kp [altera_avalon_pio 13.0.1.99.2]
Progress: Parameterizing module kp
Progress: Adding start_sl [altera_avalon_pio 13.0.1.99.2]
Progress: Parameterizing module start_sl
Progress: Adding fin_sl [altera_avalon_pio 13.0.1.99.2]
Progress: Parameterizing module fin_sl
Progress: Adding start_rot [altera_avalon_pio 13.0.1.99.2]
Progress: Parameterizing module start_rot
Progress: Adding dir_rot [altera_avalon_pio 13.0.1.99.2]
Progress: Parameterizing module dir_rot
Progress: Adding fin_rot [altera_avalon_pio 13.0.1.99.2]
Progress: Parameterizing module fin_rot
Progress: Adding base_speed [altera_avalon_pio 13.0.1.99.2]
Progress: Parameterizing module base_speed
Progress: Adding kd [altera_avalon_pio 13.0.1.99.2]
Progress: Parameterizing module kd
Progress: Adding pwm_avalon_interface_0 [pwm_avalon_interface 1.0]
Progress: Parameterizing module pwm_avalon_interface_0
Progress: Building connections
Progress: Parameterizing connections
Progress: Validating
Progress: Done reading input file
Info: nios_system_sdram.switches: PIO inputs are not hardwired in test bench. Undefined values will be read from PIO inputs during simulation.
Info: nios_system_sdram.sensor_status: PIO inputs are not hardwired in test bench. Undefined values will be read from PIO inputs during simulation.
Info: nios_system_sdram.sensor_data0: PIO inputs are not hardwired in test bench. Undefined values will be read from PIO inputs during simulation.
Info: nios_system_sdram.sensor_data1: PIO inputs are not hardwired in test bench. Undefined values will be read from PIO inputs during simulation.
Info: nios_system_sdram.sensor_data2: PIO inputs are not hardwired in test bench. Undefined values will be read from PIO inputs during simulation.
Info: nios_system_sdram.sensor_data3: PIO inputs are not hardwired in test bench. Undefined values will be read from PIO inputs during simulation.
Info: nios_system_sdram.sensor_data4: PIO inputs are not hardwired in test bench. Undefined values will be read from PIO inputs during simulation.
Info: nios_system_sdram.sensor_data5: PIO inputs are not hardwired in test bench. Undefined values will be read from PIO inputs during simulation.
Info: nios_system_sdram.sensor_data6: PIO inputs are not hardwired in test bench. Undefined values will be read from PIO inputs during simulation.
Info: nios_system_sdram.fin_sl: PIO inputs are not hardwired in test bench. Undefined values will be read from PIO inputs during simulation.
Info: nios_system_sdram.fin_rot: PIO inputs are not hardwired in test bench. Undefined values will be read from PIO inputs during simulation.
Info: nios_system_sdram: Generating nios_system_sdram "nios_system_sdram" for QUARTUS_SYNTH
Info: pipeline_bridge_swap_transform: After transform: 26 modules, 103 connections
Info: No custom instruction connections, skipping transform 
Info: merlin_translator_transform: After transform: 52 modules, 206 connections
Info: merlin_domain_transform: After transform: 104 modules, 558 connections
Info: merlin_router_transform: After transform: 130 modules, 661 connections
Info: merlin_burst_transform: After transform: 131 modules, 665 connections
Info: reset_adaptation_transform: After transform: 133 modules, 522 connections
Info: merlin_network_to_switch_transform: After transform: 184 modules, 628 connections
Info: merlin_width_transform: After transform: 186 modules, 634 connections
Info: merlin_mm_transform: After transform: 186 modules, 634 connections
Info: merlin_interrupt_mapper_transform: After transform: 187 modules, 637 connections
Warning: nios_system_sdram: "No matching role found for rst_controller:reset_out:reset_req (reset_req)"
Warning: nios_system_sdram: "No matching role found for rst_controller:reset_out:reset_req (reset_req)"
Warning: nios_system_sdram: "No matching role found for rst_controller:reset_out:reset_req (reset_req)"
Warning: nios_system_sdram: "No matching role found for rst_controller:reset_out:reset_req (reset_req)"
Warning: nios_system_sdram: "No matching role found for rst_controller:reset_out:reset_req (reset_req)"
Warning: nios_system_sdram: "No matching role found for rst_controller:reset_out:reset_req (reset_req)"
Warning: nios_system_sdram: "No matching role found for rst_controller:reset_out:reset_req (reset_req)"
Warning: nios_system_sdram: "No matching role found for rst_controller:reset_out:reset_req (reset_req)"
Warning: nios_system_sdram: "No matching role found for rst_controller:reset_out:reset_req (reset_req)"
Warning: nios_system_sdram: "No matching role found for rst_controller:reset_out:reset_req (reset_req)"
Warning: nios_system_sdram: "No matching role found for rst_controller:reset_out:reset_req (reset_req)"
Warning: nios_system_sdram: "No matching role found for rst_controller:reset_out:reset_req (reset_req)"
Warning: nios_system_sdram: "No matching role found for rst_controller:reset_out:reset_req (reset_req)"
Warning: nios_system_sdram: "No matching role found for rst_controller:reset_out:reset_req (reset_req)"
Warning: nios_system_sdram: "No matching role found for rst_controller:reset_out:reset_req (reset_req)"
Warning: nios_system_sdram: "No matching role found for rst_controller:reset_out:reset_req (reset_req)"
Warning: nios_system_sdram: "No matching role found for rst_controller:reset_out:reset_req (reset_req)"
Warning: nios_system_sdram: "No matching role found for rst_controller:reset_out:reset_req (reset_req)"
Warning: nios_system_sdram: "No matching role found for rst_controller:reset_out:reset_req (reset_req)"
Warning: nios_system_sdram: "No matching role found for rst_controller:reset_out:reset_req (reset_req)"
Warning: nios_system_sdram: "No matching role found for rst_controller:reset_out:reset_req (reset_req)"
Warning: nios_system_sdram: "No matching role found for rst_controller:reset_out:reset_req (reset_req)"
Warning: nios_system_sdram: "No matching role found for rst_controller:reset_out:reset_req (reset_req)"
Warning: nios_system_sdram: "No matching role found for rst_controller:reset_out:reset_req (reset_req)"
Warning: nios_system_sdram: "No matching role found for rst_controller:reset_out:reset_req (reset_req)"
Warning: nios_system_sdram: "No matching role found for rst_controller:reset_out:reset_req (reset_req)"
Warning: nios_system_sdram: "No matching role found for rst_controller:reset_out:reset_req (reset_req)"
Warning: nios_system_sdram: "No matching role found for rst_controller:reset_out:reset_req (reset_req)"
Warning: nios_system_sdram: "No matching role found for rst_controller:reset_out:reset_req (reset_req)"
Warning: nios_system_sdram: "No matching role found for rst_controller:reset_out:reset_req (reset_req)"
Warning: nios_system_sdram: "No matching role found for rst_controller:reset_out:reset_req (reset_req)"
Warning: nios_system_sdram: "No matching role found for rst_controller:reset_out:reset_req (reset_req)"
Warning: nios_system_sdram: "No matching role found for rst_controller:reset_out:reset_req (reset_req)"
Warning: nios_system_sdram: "No matching role found for rst_controller:reset_out:reset_req (reset_req)"
Warning: nios_system_sdram: "No matching role found for rst_controller:reset_out:reset_req (reset_req)"
Warning: nios_system_sdram: "No matching role found for rst_controller:reset_out:reset_req (reset_req)"
Warning: nios_system_sdram: "No matching role found for rst_controller:reset_out:reset_req (reset_req)"
Warning: nios_system_sdram: "No matching role found for rst_controller:reset_out:reset_req (reset_req)"
Warning: nios_system_sdram: "No matching role found for rst_controller:reset_out:reset_req (reset_req)"
Warning: nios_system_sdram: "No matching role found for rst_controller:reset_out:reset_req (reset_req)"
Warning: nios_system_sdram: "No matching role found for rst_controller:reset_out:reset_req (reset_req)"
Warning: nios_system_sdram: "No matching role found for rst_controller:reset_out:reset_req (reset_req)"
Warning: nios_system_sdram: "No matching role found for rst_controller:reset_out:reset_req (reset_req)"
Warning: nios_system_sdram: "No matching role found for rst_controller:reset_out:reset_req (reset_req)"
Warning: nios_system_sdram: "No matching role found for rst_controller:reset_out:reset_req (reset_req)"
Warning: nios_system_sdram: "No matching role found for rst_controller:reset_out:reset_req (reset_req)"
Warning: nios_system_sdram: "No matching role found for rst_controller:reset_out:reset_req (reset_req)"
Warning: nios_system_sdram: "No matching role found for rst_controller:reset_out:reset_req (reset_req)"
Warning: nios_system_sdram: "No matching role found for rst_controller:reset_out:reset_req (reset_req)"
Warning: nios_system_sdram: "No matching role found for rst_controller:reset_out:reset_req (reset_req)"
Warning: nios_system_sdram: "No matching role found for rst_controller:reset_out:reset_req (reset_req)"
Warning: nios_system_sdram: "No matching role found for rst_controller:reset_out:reset_req (reset_req)"
Warning: nios_system_sdram: "No matching role found for rst_controller:reset_out:reset_req (reset_req)"
Warning: nios_system_sdram: "No matching role found for rst_controller:reset_out:reset_req (reset_req)"
Warning: nios_system_sdram: "No matching role found for rst_controller:reset_out:reset_req (reset_req)"
Warning: nios_system_sdram: "No matching role found for rst_controller:reset_out:reset_req (reset_req)"
Warning: nios_system_sdram: "No matching role found for rst_controller:reset_out:reset_req (reset_req)"
Warning: nios_system_sdram: "No matching role found for rst_controller:reset_out:reset_req (reset_req)"
Warning: nios_system_sdram: "No matching role found for rst_controller:reset_out:reset_req (reset_req)"
Warning: nios_system_sdram: "No matching role found for rst_controller:reset_out:reset_req (reset_req)"
Warning: nios_system_sdram: "No matching role found for rst_controller:reset_out:reset_req (reset_req)"
Warning: nios_system_sdram: "No matching role found for rst_controller:reset_out:reset_req (reset_req)"
Warning: nios_system_sdram: "No matching role found for rst_controller:reset_out:reset_req (reset_req)"
Warning: nios_system_sdram: "No matching role found for rst_controller:reset_out:reset_req (reset_req)"
Warning: nios_system_sdram: "No matching role found for rst_controller:reset_out:reset_req (reset_req)"
Warning: nios_system_sdram: "No matching role found for rst_controller:reset_out:reset_req (reset_req)"
Warning: nios_system_sdram: "No matching role found for rst_controller:reset_out:reset_req (reset_req)"
Warning: nios_system_sdram: "No matching role found for rst_controller:reset_out:reset_req (reset_req)"
Warning: nios_system_sdram: "No matching role found for rst_controller:reset_out:reset_req (reset_req)"
Warning: nios_system_sdram: "No matching role found for rst_controller:reset_out:reset_req (reset_req)"
Warning: nios_system_sdram: "No matching role found for rst_controller:reset_out:reset_req (reset_req)"
Warning: nios_system_sdram: "No matching role found for rst_controller:reset_out:reset_req (reset_req)"
Warning: nios_system_sdram: "No matching role found for rst_controller:reset_out:reset_req (reset_req)"
Warning: nios_system_sdram: "No matching role found for rst_controller:reset_out:reset_req (reset_req)"
Warning: nios_system_sdram: "No matching role found for rst_controller:reset_out:reset_req (reset_req)"
Warning: nios_system_sdram: "No matching role found for rst_controller:reset_out:reset_req (reset_req)"
Warning: nios_system_sdram: "No matching role found for rst_controller:reset_out:reset_req (reset_req)"
Warning: nios_system_sdram: "No matching role found for rst_controller:reset_out:reset_req (reset_req)"
Warning: nios_system_sdram: "No matching role found for rst_controller:reset_out:reset_req (reset_req)"
Warning: nios_system_sdram: "No matching role found for rst_controller:reset_out:reset_req (reset_req)"
Warning: nios_system_sdram: "No matching role found for rst_controller:reset_out:reset_req (reset_req)"
Warning: nios_system_sdram: "No matching role found for rst_controller:reset_out:reset_req (reset_req)"
Warning: nios_system_sdram: "No matching role found for rst_controller:reset_out:reset_req (reset_req)"
Warning: nios_system_sdram: "No matching role found for rst_controller:reset_out:reset_req (reset_req)"
Warning: nios_system_sdram: "No matching role found for rst_controller:reset_out:reset_req (reset_req)"
Warning: nios_system_sdram: "No matching role found for rst_controller:reset_out:reset_req (reset_req)"
Warning: nios_system_sdram: "No matching role found for rst_controller:reset_out:reset_req (reset_req)"
Warning: nios_system_sdram: "No matching role found for rst_controller:reset_out:reset_req (reset_req)"
Warning: nios_system_sdram: "No matching role found for rst_controller:reset_out:reset_req (reset_req)"
Warning: nios_system_sdram: "No matching role found for rst_controller:reset_out:reset_req (reset_req)"
Warning: nios_system_sdram: "No matching role found for rst_controller:reset_out:reset_req (reset_req)"
Warning: nios_system_sdram: "No matching role found for rst_controller:reset_out:reset_req (reset_req)"
Warning: nios_system_sdram: "No matching role found for rst_controller:reset_out:reset_req (reset_req)"
Warning: nios_system_sdram: "No matching role found for rst_controller:reset_out:reset_req (reset_req)"
Warning: nios_system_sdram: "No matching role found for rst_controller:reset_out:reset_req (reset_req)"
Warning: nios_system_sdram: "No matching role found for rst_controller:reset_out:reset_req (reset_req)"
Warning: nios_system_sdram: "No matching role found for rst_controller:reset_out:reset_req (reset_req)"
Warning: nios_system_sdram: "No matching role found for rst_controller:reset_out:reset_req (reset_req)"
Warning: nios_system_sdram: "No matching role found for rst_controller:reset_out:reset_req (reset_req)"
Warning: nios_system_sdram: "No matching role found for rst_controller:reset_out:reset_req (reset_req)"
Warning: nios_system_sdram: "No matching role found for rst_controller:reset_out:reset_req (reset_req)"
Warning: nios_system_sdram: "No matching role found for rst_controller:reset_out:reset_req (reset_req)"
Warning: nios_system_sdram: "No matching role found for rst_controller:reset_out:reset_req (reset_req)"
Warning: nios_system_sdram: "No matching role found for rst_controller:reset_out:reset_req (reset_req)"
Warning: nios_system_sdram: "No matching role found for rst_controller:reset_out:reset_req (reset_req)"
Warning: nios_system_sdram: "No matching role found for rst_controller:reset_out:reset_req (reset_req)"
Warning: nios_system_sdram: "No matching role found for rst_controller:reset_out:reset_req (reset_req)"
Warning: nios_system_sdram: "No matching role found for rst_controller:reset_out:reset_req (reset_req)"
Warning: nios_system_sdram: "No matching role found for rst_controller:reset_out:reset_req (reset_req)"
Warning: nios_system_sdram: "No matching role found for rst_controller:reset_out:reset_req (reset_req)"
Warning: nios_system_sdram: "No matching role found for rst_controller:reset_out:reset_req (reset_req)"
Warning: nios_system_sdram: "No matching role found for rst_controller:reset_out:reset_req (reset_req)"
Warning: nios_system_sdram: "No matching role found for rst_controller:reset_out:reset_req (reset_req)"
Warning: nios_system_sdram: "No matching role found for rst_controller:reset_out:reset_req (reset_req)"
Warning: nios_system_sdram: "No matching role found for rst_controller:reset_out:reset_req (reset_req)"
Warning: nios_system_sdram: "No matching role found for rst_controller:reset_out:reset_req (reset_req)"
Warning: nios_system_sdram: "No matching role found for rst_controller:reset_out:reset_req (reset_req)"
Warning: nios_system_sdram: "No matching role found for rst_controller:reset_out:reset_req (reset_req)"
Warning: nios_system_sdram: "No matching role found for rst_controller:reset_out:reset_req (reset_req)"
Warning: nios_system_sdram: "No matching role found for rst_controller:reset_out:reset_req (reset_req)"
Warning: nios_system_sdram: "No matching role found for rst_controller:reset_out:reset_req (reset_req)"
Warning: nios_system_sdram: "No matching role found for rst_controller:reset_out:reset_req (reset_req)"
Warning: nios_system_sdram: "No matching role found for rst_controller:reset_out:reset_req (reset_req)"
Warning: nios_system_sdram: "No matching role found for rst_controller:reset_out:reset_req (reset_req)"
Warning: nios_system_sdram: "No matching role found for rst_controller:reset_out:reset_req (reset_req)"
Warning: nios_system_sdram: "No matching role found for rst_controller:reset_out:reset_req (reset_req)"
Warning: nios_system_sdram: "No matching role found for rst_controller:reset_out:reset_req (reset_req)"
Warning: nios_system_sdram: "No matching role found for rst_controller:reset_out:reset_req (reset_req)"
Warning: nios_system_sdram: "No matching role found for rst_controller:reset_out:reset_req (reset_req)"
Warning: nios_system_sdram: "No matching role found for rst_controller:reset_out:reset_req (reset_req)"
Warning: nios_system_sdram: "No matching role found for rst_controller:reset_out:reset_req (reset_req)"
Warning: nios_system_sdram: "No matching role found for rst_controller:reset_out:reset_req (reset_req)"
Warning: nios_system_sdram: "No matching role found for rst_controller:reset_out:reset_req (reset_req)"
Warning: nios_system_sdram: "No matching role found for rst_controller:reset_out:reset_req (reset_req)"
Warning: nios_system_sdram: "No matching role found for rst_controller:reset_out:reset_req (reset_req)"
Warning: nios_system_sdram: "No matching role found for rst_controller:reset_out:reset_req (reset_req)"
Warning: nios_system_sdram: "No matching role found for rst_controller:reset_out:reset_req (reset_req)"
Warning: nios_system_sdram: "No matching role found for rst_controller:reset_out:reset_req (reset_req)"
Warning: nios_system_sdram: "No matching role found for rst_controller:reset_out:reset_req (reset_req)"
Warning: nios_system_sdram: "No matching role found for rst_controller:reset_out:reset_req (reset_req)"
Warning: nios_system_sdram: "No matching role found for rst_controller:reset_out:reset_req (reset_req)"
Warning: nios_system_sdram: "No matching role found for rst_controller:reset_out:reset_req (reset_req)"
Warning: nios_system_sdram: "No matching role found for rst_controller:reset_out:reset_req (reset_req)"
Warning: nios_system_sdram: "No matching role found for rst_controller:reset_out:reset_req (reset_req)"
Warning: nios_system_sdram: "No matching role found for rst_controller:reset_out:reset_req (reset_req)"
Warning: nios_system_sdram: "No matching role found for rst_controller:reset_out:reset_req (reset_req)"
Warning: nios_system_sdram: "No matching role found for rst_controller:reset_out:reset_req (reset_req)"
Warning: nios_system_sdram: "No matching role found for rst_controller:reset_out:reset_req (reset_req)"
Warning: nios_system_sdram: "No matching role found for rst_controller:reset_out:reset_req (reset_req)"
Warning: nios_system_sdram: "No matching role found for rst_controller:reset_out:reset_req (reset_req)"
Warning: nios_system_sdram: "No matching role found for rst_controller:reset_out:reset_req (reset_req)"
Warning: nios_system_sdram: "No matching role found for rst_controller:reset_out:reset_req (reset_req)"
Warning: nios_system_sdram: "No matching role found for rst_controller:reset_out:reset_req (reset_req)"
Warning: nios_system_sdram: "No matching role found for rst_controller:reset_out:reset_req (reset_req)"
Warning: nios_system_sdram: "No matching role found for rst_controller:reset_out:reset_req (reset_req)"
Warning: nios_system_sdram: "No matching role found for rst_controller:reset_out:reset_req (reset_req)"
Warning: nios_system_sdram: "No matching role found for rst_controller:reset_out:reset_req (reset_req)"
Warning: nios_system_sdram: "No matching role found for rst_controller:reset_out:reset_req (reset_req)"
Warning: nios_system_sdram: "No matching role found for rst_controller:reset_out:reset_req (reset_req)"
Warning: nios_system_sdram: "No matching role found for rst_controller:reset_out:reset_req (reset_req)"
Warning: nios_system_sdram: "No matching role found for rst_controller:reset_out:reset_req (reset_req)"
Warning: nios_system_sdram: "No matching role found for rst_controller:reset_out:reset_req (reset_req)"
Warning: nios_system_sdram: "No matching role found for rst_controller:reset_out:reset_req (reset_req)"
Warning: nios_system_sdram: "No matching role found for rst_controller:reset_out:reset_req (reset_req)"
Warning: nios_system_sdram: "No matching role found for rst_controller:reset_out:reset_req (reset_req)"
Warning: nios_system_sdram: "No matching role found for rst_controller:reset_out:reset_req (reset_req)"
Warning: nios_system_sdram: "No matching role found for rst_controller:reset_out:reset_req (reset_req)"
Warning: nios_system_sdram: "No matching role found for rst_controller:reset_out:reset_req (reset_req)"
Warning: nios_system_sdram: "No matching role found for rst_controller:reset_out:reset_req (reset_req)"
Warning: nios_system_sdram: "No matching role found for rst_controller:reset_out:reset_req (reset_req)"
Warning: nios_system_sdram: "No matching role found for rst_controller:reset_out:reset_req (reset_req)"
Warning: nios_system_sdram: "No matching role found for rst_controller:reset_out:reset_req (reset_req)"
Warning: nios_system_sdram: "No matching role found for rst_controller:reset_out:reset_req (reset_req)"
Warning: nios_system_sdram: "No matching role found for rst_controller:reset_out:reset_req (reset_req)"
Warning: nios_system_sdram: "No matching role found for rst_controller:reset_out:reset_req (reset_req)"
Info: nios2_qsys_0: Starting RTL generation for module 'nios_system_sdram_nios2_qsys_0'
Info: nios2_qsys_0:   Generation command is [exec C:/altera/13.0sp1/quartus/../ip/altera/nios2_ip/altera_nios2/eperl.exe -I C:/altera/13.0sp1/quartus/common/ip/altera/common/perl/5.8.3 -I C:/altera/13.0sp1/quartus/sopc_builder/bin/europa -I C:/altera/13.0sp1/quartus/sopc_builder/bin/perl_lib -I C:/altera/13.0sp1/quartus/sopc_builder/bin -I C:/altera/13.0sp1/quartus/../ip/altera/nios2_ip/altera_nios2/cpu_lib -I C:/altera/13.0sp1/quartus/../ip/altera/nios2_ip/altera_nios2/nios_lib -I C:/altera/13.0sp1/quartus/../ip/altera/nios2_ip/altera_nios2 -I C:/altera/13.0sp1/quartus/../ip/altera/nios2_ip/altera_nios2 -- C:/altera/13.0sp1/quartus/../ip/altera/nios2_ip/altera_nios2/generate_rtl.epl --name=nios_system_sdram_nios2_qsys_0 --dir=C:/Users/mdaggag/AppData/Local/Temp/alt0591_8275781804223658814.dir/0002_nios2_qsys_0_gen/ --quartus_dir=C:/altera/13.0sp1/quartus --verilog --config=C:/Users/mdaggag/AppData/Local/Temp/alt0591_8275781804223658814.dir/0002_nios2_qsys_0_gen//nios_system_sdram_nios2_qsys_0_processor_configuration.pl  --do_build_sim=0    --bogus  ]
Info: nios2_qsys_0: # 2026.05.18 11:41:56 (*) Starting Nios II generation
Info: nios2_qsys_0: # 2026.05.18 11:41:56 (*)   Checking for plaintext license.
Info: nios2_qsys_0: # 2026.05.18 11:42:15 (*)   Plaintext license not found.
Info: nios2_qsys_0: # 2026.05.18 11:42:15 (*)   No license required to generate encrypted Nios II/e.
Info: nios2_qsys_0: # 2026.05.18 11:42:15 (*)   Elaborating CPU configuration settings
Info: nios2_qsys_0: # 2026.05.18 11:42:15 (*)   Creating all objects for CPU
Info: nios2_qsys_0: # 2026.05.18 11:42:16 (*)   Generating RTL from CPU objects
Info: nios2_qsys_0: # 2026.05.18 11:42:16 (*)   Creating plain-text RTL
Info: nios2_qsys_0: # 2026.05.18 11:42:18 (*) Done Nios II generation
Info: nios2_qsys_0: Done RTL generation for module 'nios_system_sdram_nios2_qsys_0'
Info: nios2_qsys_0: "nios_system_sdram" instantiated altera_nios2_qsys "nios2_qsys_0"
Info: onchip_memory2_0: Starting RTL generation for module 'nios_system_sdram_onchip_memory2_0'
Info: onchip_memory2_0:   Generation command is [exec C:/altera/13.0sp1/quartus/bin/perl/bin/perl.exe -I C:/altera/13.0sp1/quartus/common/ip/altera/common/perl/5.8.3 -I C:/altera/13.0sp1/quartus/sopc_builder/bin/europa -I C:/altera/13.0sp1/quartus/sopc_builder/bin/perl_lib -I C:/altera/13.0sp1/quartus/sopc_builder/bin -I C:/altera/13.0sp1/quartus/../ip/altera/sopc_builder_ip/common -I C:/altera/13.0sp1/quartus/../ip/altera/sopc_builder_ip/altera_avalon_onchip_memory2 -- C:/altera/13.0sp1/quartus/../ip/altera/sopc_builder_ip/altera_avalon_onchip_memory2/generate_rtl.pl --name=nios_system_sdram_onchip_memory2_0 --dir=C:/Users/mdaggag/AppData/Local/Temp/alt0591_8275781804223658814.dir/0003_onchip_memory2_0_gen/ --quartus_dir=C:/altera/13.0sp1/quartus --verilog --config=C:/Users/mdaggag/AppData/Local/Temp/alt0591_8275781804223658814.dir/0003_onchip_memory2_0_gen//nios_system_sdram_onchip_memory2_0_component_configuration.pl  --do_build_sim=0  ]
Info: onchip_memory2_0: Done RTL generation for module 'nios_system_sdram_onchip_memory2_0'
Info: onchip_memory2_0: "nios_system_sdram" instantiated altera_avalon_onchip_memory2 "onchip_memory2_0"
Info: switches: Starting RTL generation for module 'nios_system_sdram_switches'
Info: switches:   Generation command is [exec C:/altera/13.0sp1/quartus/bin/perl/bin/perl.exe -I C:/altera/13.0sp1/quartus/common/ip/altera/common/perl/5.8.3 -I C:/altera/13.0sp1/quartus/sopc_builder/bin/europa -I C:/altera/13.0sp1/quartus/sopc_builder/bin/perl_lib -I C:/altera/13.0sp1/quartus/sopc_builder/bin -I C:/altera/13.0sp1/quartus/../ip/altera/sopc_builder_ip/common -I C:/altera/13.0sp1/quartus/../ip/altera/sopc_builder_ip/altera_avalon_pio -- C:/altera/13.0sp1/quartus/../ip/altera/sopc_builder_ip/altera_avalon_pio/generate_rtl.pl --name=nios_system_sdram_switches --dir=C:/Users/mdaggag/AppData/Local/Temp/alt0591_8275781804223658814.dir/0004_switches_gen/ --quartus_dir=C:/altera/13.0sp1/quartus --verilog --config=C:/Users/mdaggag/AppData/Local/Temp/alt0591_8275781804223658814.dir/0004_switches_gen//nios_system_sdram_switches_component_configuration.pl  --do_build_sim=0  ]
Info: switches: Done RTL generation for module 'nios_system_sdram_switches'
Info: switches: "nios_system_sdram" instantiated altera_avalon_pio "switches"
Info: LEDs: Starting RTL generation for module 'nios_system_sdram_LEDs'
Info: LEDs:   Generation command is [exec C:/altera/13.0sp1/quartus/bin/perl/bin/perl.exe -I C:/altera/13.0sp1/quartus/common/ip/altera/common/perl/5.8.3 -I C:/altera/13.0sp1/quartus/sopc_builder/bin/europa -I C:/altera/13.0sp1/quartus/sopc_builder/bin/perl_lib -I C:/altera/13.0sp1/quartus/sopc_builder/bin -I C:/altera/13.0sp1/quartus/../ip/altera/sopc_builder_ip/common -I C:/altera/13.0sp1/quartus/../ip/altera/sopc_builder_ip/altera_avalon_pio -- C:/altera/13.0sp1/quartus/../ip/altera/sopc_builder_ip/altera_avalon_pio/generate_rtl.pl --name=nios_system_sdram_LEDs --dir=C:/Users/mdaggag/AppData/Local/Temp/alt0591_8275781804223658814.dir/0005_LEDs_gen/ --quartus_dir=C:/altera/13.0sp1/quartus --verilog --config=C:/Users/mdaggag/AppData/Local/Temp/alt0591_8275781804223658814.dir/0005_LEDs_gen//nios_system_sdram_LEDs_component_configuration.pl  --do_build_sim=0  ]
Info: LEDs: Done RTL generation for module 'nios_system_sdram_LEDs'
Info: LEDs: "nios_system_sdram" instantiated altera_avalon_pio "LEDs"
Info: jtag_uart_0: Starting RTL generation for module 'nios_system_sdram_jtag_uart_0'
Info: jtag_uart_0:   Generation command is [exec C:/altera/13.0sp1/quartus/bin/perl/bin/perl.exe -I C:/altera/13.0sp1/quartus/common/ip/altera/common/perl/5.8.3 -I C:/altera/13.0sp1/quartus/sopc_builder/bin/europa -I C:/altera/13.0sp1/quartus/sopc_builder/bin/perl_lib -I C:/altera/13.0sp1/quartus/sopc_builder/bin -I C:/altera/13.0sp1/quartus/../ip/altera/sopc_builder_ip/common -I C:/altera/13.0sp1/quartus/../ip/altera/sopc_builder_ip/altera_avalon_jtag_uart -- C:/altera/13.0sp1/quartus/../ip/altera/sopc_builder_ip/altera_avalon_jtag_uart/generate_rtl.pl --name=nios_system_sdram_jtag_uart_0 --dir=C:/Users/mdaggag/AppData/Local/Temp/alt0591_8275781804223658814.dir/0006_jtag_uart_0_gen/ --quartus_dir=C:/altera/13.0sp1/quartus --verilog --config=C:/Users/mdaggag/AppData/Local/Temp/alt0591_8275781804223658814.dir/0006_jtag_uart_0_gen//nios_system_sdram_jtag_uart_0_component_configuration.pl  --do_build_sim=0  ]
Info: jtag_uart_0: Done RTL generation for module 'nios_system_sdram_jtag_uart_0'
Info: jtag_uart_0: "nios_system_sdram" instantiated altera_avalon_jtag_uart "jtag_uart_0"
Info: sdram: Starting RTL generation for module 'nios_system_sdram_sdram'
Info: sdram:   Generation command is [exec C:/altera/13.0sp1/quartus/bin/perl/bin/perl.exe -I C:/altera/13.0sp1/quartus/common/ip/altera/common/perl/5.8.3 -I C:/altera/13.0sp1/quartus/sopc_builder/bin/europa -I C:/altera/13.0sp1/quartus/sopc_builder/bin/perl_lib -I C:/altera/13.0sp1/quartus/sopc_builder/bin -I C:/altera/13.0sp1/quartus/../ip/altera/sopc_builder_ip/common -I C:/altera/13.0sp1/quartus/../ip/altera/sopc_builder_ip/altera_avalon_new_sdram_controller -- C:/altera/13.0sp1/quartus/../ip/altera/sopc_builder_ip/altera_avalon_new_sdram_controller/generate_rtl.pl --name=nios_system_sdram_sdram --dir=C:/Users/mdaggag/AppData/Local/Temp/alt0591_8275781804223658814.dir/0007_sdram_gen/ --quartus_dir=C:/altera/13.0sp1/quartus --verilog --config=C:/Users/mdaggag/AppData/Local/Temp/alt0591_8275781804223658814.dir/0007_sdram_gen//nios_system_sdram_sdram_component_configuration.pl  --do_build_sim=0  ]
Info: sdram: Done RTL generation for module 'nios_system_sdram_sdram'
Info: sdram: "nios_system_sdram" instantiated altera_avalon_new_sdram_controller "sdram"
Info: clocks: Starting Generation of Required Clocks for DE-Series Boards
Info: clocks: "nios_system_sdram" instantiated altera_up_clocks "clocks"
Info: kp: Starting RTL generation for module 'nios_system_sdram_kp'
Info: kp:   Generation command is [exec C:/altera/13.0sp1/quartus/bin/perl/bin/perl.exe -I C:/altera/13.0sp1/quartus/common/ip/altera/common/perl/5.8.3 -I C:/altera/13.0sp1/quartus/sopc_builder/bin/europa -I C:/altera/13.0sp1/quartus/sopc_builder/bin/perl_lib -I C:/altera/13.0sp1/quartus/sopc_builder/bin -I C:/altera/13.0sp1/quartus/../ip/altera/sopc_builder_ip/common -I C:/altera/13.0sp1/quartus/../ip/altera/sopc_builder_ip/altera_avalon_pio -- C:/altera/13.0sp1/quartus/../ip/altera/sopc_builder_ip/altera_avalon_pio/generate_rtl.pl --name=nios_system_sdram_kp --dir=C:/Users/mdaggag/AppData/Local/Temp/alt0591_8275781804223658814.dir/0009_kp_gen/ --quartus_dir=C:/altera/13.0sp1/quartus --verilog --config=C:/Users/mdaggag/AppData/Local/Temp/alt0591_8275781804223658814.dir/0009_kp_gen//nios_system_sdram_kp_component_configuration.pl  --do_build_sim=0  ]
Info: kp: Done RTL generation for module 'nios_system_sdram_kp'
Info: kp: "nios_system_sdram" instantiated altera_avalon_pio "kp"
Info: start_sl: Starting RTL generation for module 'nios_system_sdram_start_sl'
Info: start_sl:   Generation command is [exec C:/altera/13.0sp1/quartus/bin/perl/bin/perl.exe -I C:/altera/13.0sp1/quartus/common/ip/altera/common/perl/5.8.3 -I C:/altera/13.0sp1/quartus/sopc_builder/bin/europa -I C:/altera/13.0sp1/quartus/sopc_builder/bin/perl_lib -I C:/altera/13.0sp1/quartus/sopc_builder/bin -I C:/altera/13.0sp1/quartus/../ip/altera/sopc_builder_ip/common -I C:/altera/13.0sp1/quartus/../ip/altera/sopc_builder_ip/altera_avalon_pio -- C:/altera/13.0sp1/quartus/../ip/altera/sopc_builder_ip/altera_avalon_pio/generate_rtl.pl --name=nios_system_sdram_start_sl --dir=C:/Users/mdaggag/AppData/Local/Temp/alt0591_8275781804223658814.dir/0010_start_sl_gen/ --quartus_dir=C:/altera/13.0sp1/quartus --verilog --config=C:/Users/mdaggag/AppData/Local/Temp/alt0591_8275781804223658814.dir/0010_start_sl_gen//nios_system_sdram_start_sl_component_configuration.pl  --do_build_sim=0  ]
Info: start_sl: Done RTL generation for module 'nios_system_sdram_start_sl'
Info: start_sl: "nios_system_sdram" instantiated altera_avalon_pio "start_sl"
Info: fin_sl: Starting RTL generation for module 'nios_system_sdram_fin_sl'
Info: fin_sl:   Generation command is [exec C:/altera/13.0sp1/quartus/bin/perl/bin/perl.exe -I C:/altera/13.0sp1/quartus/common/ip/altera/common/perl/5.8.3 -I C:/altera/13.0sp1/quartus/sopc_builder/bin/europa -I C:/altera/13.0sp1/quartus/sopc_builder/bin/perl_lib -I C:/altera/13.0sp1/quartus/sopc_builder/bin -I C:/altera/13.0sp1/quartus/../ip/altera/sopc_builder_ip/common -I C:/altera/13.0sp1/quartus/../ip/altera/sopc_builder_ip/altera_avalon_pio -- C:/altera/13.0sp1/quartus/../ip/altera/sopc_builder_ip/altera_avalon_pio/generate_rtl.pl --name=nios_system_sdram_fin_sl --dir=C:/Users/mdaggag/AppData/Local/Temp/alt0591_8275781804223658814.dir/0011_fin_sl_gen/ --quartus_dir=C:/altera/13.0sp1/quartus --verilog --config=C:/Users/mdaggag/AppData/Local/Temp/alt0591_8275781804223658814.dir/0011_fin_sl_gen//nios_system_sdram_fin_sl_component_configuration.pl  --do_build_sim=0  ]
Info: fin_sl: Done RTL generation for module 'nios_system_sdram_fin_sl'
Info: fin_sl: "nios_system_sdram" instantiated altera_avalon_pio "fin_sl"
Info: base_speed: Starting RTL generation for module 'nios_system_sdram_base_speed'
Info: base_speed:   Generation command is [exec C:/altera/13.0sp1/quartus/bin/perl/bin/perl.exe -I C:/altera/13.0sp1/quartus/common/ip/altera/common/perl/5.8.3 -I C:/altera/13.0sp1/quartus/sopc_builder/bin/europa -I C:/altera/13.0sp1/quartus/sopc_builder/bin/perl_lib -I C:/altera/13.0sp1/quartus/sopc_builder/bin -I C:/altera/13.0sp1/quartus/../ip/altera/sopc_builder_ip/common -I C:/altera/13.0sp1/quartus/../ip/altera/sopc_builder_ip/altera_avalon_pio -- C:/altera/13.0sp1/quartus/../ip/altera/sopc_builder_ip/altera_avalon_pio/generate_rtl.pl --name=nios_system_sdram_base_speed --dir=C:/Users/mdaggag/AppData/Local/Temp/alt0591_8275781804223658814.dir/0012_base_speed_gen/ --quartus_dir=C:/altera/13.0sp1/quartus --verilog --config=C:/Users/mdaggag/AppData/Local/Temp/alt0591_8275781804223658814.dir/0012_base_speed_gen//nios_system_sdram_base_speed_component_configuration.pl  --do_build_sim=0  ]
Info: base_speed: Done RTL generation for module 'nios_system_sdram_base_speed'
Info: base_speed: "nios_system_sdram" instantiated altera_avalon_pio "base_speed"
Info: kd: Starting RTL generation for module 'nios_system_sdram_kd'
Info: kd:   Generation command is [exec C:/altera/13.0sp1/quartus/bin/perl/bin/perl.exe -I C:/altera/13.0sp1/quartus/common/ip/altera/common/perl/5.8.3 -I C:/altera/13.0sp1/quartus/sopc_builder/bin/europa -I C:/altera/13.0sp1/quartus/sopc_builder/bin/perl_lib -I C:/altera/13.0sp1/quartus/sopc_builder/bin -I C:/altera/13.0sp1/quartus/../ip/altera/sopc_builder_ip/common -I C:/altera/13.0sp1/quartus/../ip/altera/sopc_builder_ip/altera_avalon_pio -- C:/altera/13.0sp1/quartus/../ip/altera/sopc_builder_ip/altera_avalon_pio/generate_rtl.pl --name=nios_system_sdram_kd --dir=C:/Users/mdaggag/AppData/Local/Temp/alt0591_8275781804223658814.dir/0013_kd_gen/ --quartus_dir=C:/altera/13.0sp1/quartus --verilog --config=C:/Users/mdaggag/AppData/Local/Temp/alt0591_8275781804223658814.dir/0013_kd_gen//nios_system_sdram_kd_component_configuration.pl  --do_build_sim=0  ]
Info: kd: Done RTL generation for module 'nios_system_sdram_kd'
Info: kd: "nios_system_sdram" instantiated altera_avalon_pio "kd"
Info: pwm_avalon_interface_0: "nios_system_sdram" instantiated pwm_avalon_interface "pwm_avalon_interface_0"
Info: nios2_qsys_0_instruction_master_translator: "nios_system_sdram" instantiated altera_merlin_master_translator "nios2_qsys_0_instruction_master_translator"
Info: nios2_qsys_0_jtag_debug_module_translator: "nios_system_sdram" instantiated altera_merlin_slave_translator "nios2_qsys_0_jtag_debug_module_translator"
Info: nios2_qsys_0_instruction_master_translator_avalon_universal_master_0_agent: "nios_system_sdram" instantiated altera_merlin_master_agent "nios2_qsys_0_instruction_master_translator_avalon_universal_master_0_agent"
Info: nios2_qsys_0_jtag_debug_module_translator_avalon_universal_slave_0_agent: "nios_system_sdram" instantiated altera_merlin_slave_agent "nios2_qsys_0_jtag_debug_module_translator_avalon_universal_slave_0_agent"
Info: nios2_qsys_0_jtag_debug_module_translator_avalon_universal_slave_0_agent_rsp_fifo: "nios_system_sdram" instantiated altera_avalon_sc_fifo "nios2_qsys_0_jtag_debug_module_translator_avalon_universal_slave_0_agent_rsp_fifo"
Info: addr_router: "nios_system_sdram" instantiated altera_merlin_router "addr_router"
Info: addr_router_001: "nios_system_sdram" instantiated altera_merlin_router "addr_router_001"
Info: id_router: "nios_system_sdram" instantiated altera_merlin_router "id_router"
Info: id_router_002: "nios_system_sdram" instantiated altera_merlin_router "id_router_002"
Info: id_router_003: "nios_system_sdram" instantiated altera_merlin_router "id_router_003"
Info: burst_adapter: "nios_system_sdram" instantiated altera_merlin_burst_adapter "burst_adapter"
Info: rst_controller: "nios_system_sdram" instantiated altera_reset_controller "rst_controller"
Info: cmd_xbar_demux: "nios_system_sdram" instantiated altera_merlin_demultiplexer "cmd_xbar_demux"
Info: cmd_xbar_demux_001: "nios_system_sdram" instantiated altera_merlin_demultiplexer "cmd_xbar_demux_001"
Info: cmd_xbar_mux: "nios_system_sdram" instantiated altera_merlin_multiplexer "cmd_xbar_mux"
Info: rsp_xbar_demux: "nios_system_sdram" instantiated altera_merlin_demultiplexer "rsp_xbar_demux"
Info: rsp_xbar_demux_003: "nios_system_sdram" instantiated altera_merlin_demultiplexer "rsp_xbar_demux_003"
Info: rsp_xbar_mux: "nios_system_sdram" instantiated altera_merlin_multiplexer "rsp_xbar_mux"
Info: Reusing file C:/Users/mdaggag/Documents/Quartus/ROBOT_backup/nios_system_sdram/synthesis/submodules/altera_merlin_arbitrator.sv
Info: rsp_xbar_mux_001: "nios_system_sdram" instantiated altera_merlin_multiplexer "rsp_xbar_mux_001"
Info: Reusing file C:/Users/mdaggag/Documents/Quartus/ROBOT_backup/nios_system_sdram/synthesis/submodules/altera_merlin_arbitrator.sv
Info: width_adapter: "nios_system_sdram" instantiated altera_merlin_width_adapter "width_adapter"
Info: Reusing file C:/Users/mdaggag/Documents/Quartus/ROBOT_backup/nios_system_sdram/synthesis/submodules/altera_merlin_address_alignment.sv
Info: Reusing file C:/Users/mdaggag/Documents/Quartus/ROBOT_backup/nios_system_sdram/synthesis/submodules/altera_merlin_burst_uncompressor.sv
Info: irq_mapper: "nios_system_sdram" instantiated altera_irq_mapper "irq_mapper"
Info: nios_system_sdram: Done nios_system_sdram" with 35 modules, 210 files, 4224719 bytes
Info: ip-generate succeeded.
Info: Finished: Create HDL design files for synthesis
